I
340
117
710
664
168
782
I
I
637
217
217
I
171
I
297
209
I
204
I
116
I
I
130
81
419
I
255
I
I
98
366
594
I
I
I
I
121
394
280
I
I
181
I
191
69
I
I
245
I
I
I
I
I
219
205
301
I
I
238
I
131
I
I
I
I
190
I
184
I
381
260
I
I
I
239
I
344
414
156
I
I
154
I
I
I
I
432
232
I
I
210
I
275
I
I
I
I
I
182
I
698
268
I
I
I
I
I
I
320
I
I
I
I
I
183
I
336
I
I
I
156
I
249
232
173
I
178
311
624
I
I
I
83
162
I
I
I
483
I
128
337
388
I
I
I
I
352
206
I
I
I
I
300
I
I
I
I
683
155
I
382
716
265
I
I
160
I
I
451
U
I
I
I
I
I
I
189
I
647
199
219
115
62
I
I
365
I
I
220
I
I
93
I
I
95
I
I
I
I
I
I
I
I
I
I
I
135
I
I
206
I
207
589
225
I
181
263
306
I
228
I
183
I
I
289
664
I
I
I
317
442
I
162
I
I
215
I
25
341
251
I
I
I
662
596
204
236
I
I
I
I
130
104
358
I
I
424
I
265
I
246
I
278
309
205
398
109
514
I
225
I
432
I
I
I
595
I
I
137
173
I
I
289
196
205
I
221
I
I
I
268
307
I
I
521
I
283
I
341
I
438
304
264
201
421
348
I
I
I
91
I
312
169
178
I
I
I
729
232
242
I
I
I
I
239
I
210
620
I
144
200
I
I
370
197
I
131
531
235
154
185
196
I
284
I
155
I
93
592
I
I
I
I
258
I
149
703
I
278
162
I
I
I
I
155
I
I
I
I
282
I
307
178
I
I
I
202
I
73
238
I
I
I
177
I
I
I
217
79
I
I
I
318
I
340
I
I
I
I
356
I
185
I
I
I
I
I
479
I
327
151
353
208
162
I
239
320
I
333
I
I
I
755
175
I
I
I
250
675
165
210
221
I
I
273
I
70
I
409
145
291
I
285
I
I
I
I
219
352
302
I
596
I
I
I
I
426
155
220
73
I
289
439
I
243
466
I
I
I
I
228
I
I
I
I
I
I
310
106
649
228
I
I
709
I
I
I
I
239
I
I
I
I
222
I
I
300
175
I
143
I
311
I
I
179
200
I
271
I
I
293
I
473
I
242
I
I
I
193
314
I
I
I
I
254
I
I
I
I
228
I
I
I
354
257
I
I
I
203
286
234
I
I
I
237
I
I
I
440
I
I
182
I
I
I
I
433
I
325
I
I
106
I
403
I
I
143
I
I
151
195
224
I
330
281
I
I
458
313
I
110
245
I
108
158
I
206
222
I
I
332
I
237
I
I
356
I
I
372
239
282
427
237
I
247
423
252
I
66
I
I
126
179
I
I
484
I
168
I
240
I
182
I
I
198
124
I
I
596
493
I
194
I
I
I
I
I
I
283
I
90
229
I
494
133
I
232
I
214
197
630
138
146
271
I
I
I
662
241
224
I
I
I
I
I
I
I
I
I
I
I
I
I
105
152
98
193
I
I
I
I
I
I
316
I
499
I
I
I
I
I
I
I
159
153
182
I
I
I
I
303
I
162
I
I
I
473
731
I
647
665
I
I
I
388
I
432
143
I
I
93
231
I
I
I
I
I
I
644
I
I
I
184
172
I
218
I
I
I
274
236
I
163
I
I
I
I
318
I
I
I
I
I
I
I
I
I
229
74
I
I
I
I
I
U
I
283
310
356
73
91
I
I
I
240
175
I
I
345
I
I
I
I
292
386
133
I
I
I
I
258
347
I
157
I
I
358
I
225
375
I
I
343
I
384
270
I
I
I
I
259
192
318
I
134
I
694
239
199
I
I
222
I
238
167
I
I
I
226
412
I
I
495
663
240
I
I
232
I
I
305
218
I
457
I
298
439
291
682
I
154
132
269
307
212
I
I
I
I
I
I
I
I
I
335
I
322
240
I
639
312
I
I
56
130
I
I
179
178
I
I
308
I
I
I
82
734
277
204
193
I
162
186
212
I
I
241
481
476
I
I
245
I
I
I
179
406
I
I
221
I
I
205
I
I
160
242
135
I
I
I
I
I
I
I
I
182
I
453
344
79
I
225
252
I
246
I
I
300
I
I
I
362
42
I
286
I
I
I
I
I
I
I
I
I
224
I
I
269
243
I
I
131
I
I
I
175
I
I
I
I
I
I
242
I
I
I
I
363
I
307
I
I
388
I
I
I
I
263
I
I
424
425
433
I
214
I
476
I
586
137
I
I
I
195
I
I
127
202
I
I
410
271
I
I
I
361
201
I
I
324
137
I
I
I
I
I
I
I
I
I
I
I
I
199
I
I
I
234
I
I
I
I
I
I
I
I
221
69
272
641
I
I
I
304
398
I
I
314
I
I
I
I
702
118
251
I
212
264
I
I
I
I
I
289
319
I
312
256
I
I
I
I
I
138
I
I
I
I
184
246
I
I
I
277
I
I
87
333
I
18
368
372
567
I
I
I
676
462
I
I
310
169
I
437
379
I
405
I
I
349
447
I
I
359
667
226
126
I
395
U
430
I
238
I
I
I
259
I
I
156
446
334
I
I
123
327
I
I
275
I
324
I
264
130
305
642
270
I
505
I
72
I
290
I
429
I
408
I
I
275
I
I
I
I
I
44
217
314
326
172
305
I
I
I
494
322
I
I
307
I
286
I
I
I
I
I
41
I
383
164
I
I
I
369
I
I
I
468
506
I
203
I
I
I
I
U
75
292
156
161
287
I
140
693
656
I
I
I
267
I
122
261
199
I
I
I
I
I
122
161
422
264
I
230
I
460
415
I
182
I
I
171
I
I
I
I
I
I
I
I
325
I
I
499
324
248
I
I
I
266
I
617
I
411
582
310
212
I
74
I
I
I
234
I
593
I
153
I
I
I
225
I
I
I
192
172
I
525
249
I
I
293
I
676
I
I
I
I
I
75
244
I
I
I
344
261
262
I
103
I
I
I
222
I
I
I
I
292
266
I
I
421
I
I
I
168
I
298
I
I
I
I
I
288
136
I
I
292
443
245
I
I
54
I
I
356
273
I
209
I
213
74
257
I
I
I
I
I
I
I
I
I
660
461
242
I
241
132
406
154
I
512
182
215
202
I
I
I
189
I
175
I
I
I
348
I
206
I
I
I
I
I
I
I
277
205
I
I
I
258
I
I
I
476
I
192
347
I
196
I
I
I
I
I
274
498
U
123
0
I
260
I
I
246
I
272
142
I
I
165
245
621
I
197
347
246
I
I
227
245
187
191
I
249
I
I
296
505
I
202
I
I
I
I
510
313
270
I
I
275
I
I
I
319
319
130
I
I
I
I
203
I
307
I
407
U
326
I
U
I
201
I
680
I
I
I
I
278
I
I
373
I
195
68
I
I
I
311
I
98
386
I
I
I
I
I
610
I
U
I
I
286
I
I
I
I
237
I
106
I
230
I
I
155
443
485
I
671
I
I
325
I
I
236
189
199
I
109
I
I
I
I
I
I
I
I
I
I
398
I
493
336
205
I
139
I
I
I
I
I
I
I
105
I
I
I
I
I
I
I
667
I
I
I
I
392
319
212
443
107
I
I
I
216
I
I
649
246
94
199
194
193
I
287
I
226
I
I
I
I
I
I
I
I
I
I
I
I
I
I
I
45
I
I
I
I
I
I
I
I
190
368
656
I
I
I
I
I
I
162
I
275
244
I
I
284
I
I
222
269
I
303
379
303
I
133
I
239
I
I
I
295
I
393
331
I
305
I
I
I
I
244
I
96
I
158
112
I
I
I
I
236
I
I
257
146
290
687
392
134
704
I
I
I
153
394
I
I
669
179
I
I
207
277
I
I
I
I
226
618
79
I
623
233
175
212
323
I
I
I
I
148
I
704
I
I
I
356
440
654
156
I
369
191
I
I
187
279
155
48
I
I
408
I
I
170
I
341
I
I
I
I
I
I
I
I
634
I
I
287
200
516
184
293
74
265
298
96
I
234
254
I
150
I
I
182
566
128
224
I
343
I
312
151
I
I
281
323
162
125
I
100
I
131
346
I
427
509
99
I
166
I
I
I
219
645
225
I
593
293
179
I
264
I
I
I
I
288
I
I
I
282
I
195
I
I
I
468
572
I
242
208
402
283
112
I
315
I
227
I
I
248
I
I
270
257
I
I
237
I
I
86
I
I
236
347
I
648
326
293
I
I
179
94
716
I
I
306
420
306
193
I
I
I
543
I
I
I
321
I
I
I
214
287
I
274
184
156
729
190
I
I
504
431
226
I
I
I
83
I
I
I
I
I
I
I
I
I
I
I
303
I
I
I
348
I
406
I
342
I
372
I
138
204
I
73
93
I
I
137
I
I
208
I
I
248
164
I
I
283
I
237
229
297
595
I
I
497
I
72
194
266
I
I
I
I
I
I
I
I
I
204
I
I
I
I
188
488
214
I
I
I
178
I
43
228
421
238
220
508
43
I
176
I
336
I
241
I
I
220
I
I
I
I
375
I
U
290
